---
source: crates/mun_hir/src/ty/tests.rs
expression: "fn main() {\n    let a = [1,2,3,4,5]\n    a = [5,6,7]\n    a[0] = 0;\n    [1,2,3][0] = 4\n}"
---
10..86 '{     ... = 4 }': ()
20..21 'a': [i32]
24..35 '[1,2,3,4,5]': [i32]
25..26 '1': i32
27..28 '2': i32
29..30 '3': i32
31..32 '4': i32
33..34 '5': i32
40..41 'a': [i32]
40..51 'a = [5,6,7]': ()
44..51 '[5,6,7]': [i32]
45..46 '5': i32
47..48 '6': i32
49..50 '7': i32
56..57 'a': [i32]
56..60 'a[0]': i32
56..64 'a[0] = 0': ()
58..59 '0': i32
63..64 '0': i32
70..77 '[1,2,3]': [i32]
70..80 '[1,2,3][0]': i32
70..84 '[1,2,3][0] = 4': ()
71..72 '1': i32
73..74 '2': i32
75..76 '3': i32
78..79 '0': i32
83..84 '4': i32
