---
source: crates/mun_hir/src/ty/tests.rs
expression: "fn main(a: [int]) -> [int] {\n    let a:[[bool]];\n}"
---
[27; 50): mismatched type
[8; 9) 'a': [int]
[27; 50) '{     ...l]]; }': nothing
[37; 38) 'a': [[bool]]
