---
source: crates/mun_compiler/src/diagnostics.rs
assertion_line: 57
expression: "compilation_errors(\"\\n\\nfn main() {\\nlet a = Foo();\\n\\nlet b = Bar();\\n}\")"

---
error: cannot find value `Foo` in this scope
 --> main.mun:4:9
  |
4 | let a = Foo();
  |         ^^^ not found in this scope
  |error: cannot find value `Bar` in this scope
 --> main.mun:6:9
  |
6 | let b = Bar();
  |         ^^^ not found in this scope
  |
