---
source: crates/mun_codegen/src/test.rs
assertion_line: 1045
expression: "\n    pub fn equals(a: i128, b: i128) -> bool { a == b }\n    pub fn not_equal(a: i128, b: i128) -> bool { a != b}\n    pub fn less(a: i128, b: i128) -> bool { a < b }\n    pub fn less_equal(a: i128, b: i128) -> bool { a <= b }\n    pub fn greater(a: i128, b: i128) -> bool { a > b }\n    pub fn greater_equal(a: i128, b: i128) -> bool { a >= b }\n                        "

---
; == FILE IR (mod) =====================================
; ModuleID = 'mod'
source_filename = "mod"

%"mun_codegen::ir::types::TypeInfo" = type <{ [0 x i64], [16 x i8], [0 x i64], i8*, [0 x i64], i32, [0 x i64], i8, [3 x i8], %"mun_codegen::ir::types::TypeInfoData", [0 x i64] }>
%"mun_codegen::ir::types::TypeInfoData" = type <{ [0 x i8], i8, [39 x i8] }>

@global_type_table = external global [2 x %"mun_codegen::ir::types::TypeInfo"*]

define i1 @equals(i128 %0, i128 %1) {
body:
  %eq = icmp eq i128 %0, %1
  ret i1 %eq
}

define i1 @not_equal(i128 %0, i128 %1) {
body:
  %neq = icmp ne i128 %0, %1
  ret i1 %neq
}

define i1 @less(i128 %0, i128 %1) {
body:
  %less = icmp slt i128 %0, %1
  ret i1 %less
}

define i1 @less_equal(i128 %0, i128 %1) {
body:
  %lesseq = icmp sle i128 %0, %1
  ret i1 %lesseq
}

define i1 @greater(i128 %0, i128 %1) {
body:
  %greater = icmp sgt i128 %0, %1
  ret i1 %greater
}

define i1 @greater_equal(i128 %0, i128 %1) {
body:
  %greatereq = icmp sge i128 %0, %1
  ret i1 %greatereq
}

; == GROUP IR (mod) ====================================
; ModuleID = 'group_name'
source_filename = "group_name"

%"mun_codegen::ir::types::TypeInfo" = type <{ [0 x i64], [16 x i8], [0 x i64], i8*, [0 x i64], i32, [0 x i64], i8, [3 x i8], %"mun_codegen::ir::types::TypeInfoData", [0 x i64] }>
%"mun_codegen::ir::types::TypeInfoData" = type <{ [0 x i8], i8, [39 x i8] }>

@"type_info::<core::bool>::name" = private unnamed_addr constant [11 x i8] c"core::bool\00"
@"type_info::<core::bool>" = private unnamed_addr constant <{ [16 x i8], i8*, [48 x i8] }> <{ [16 x i8] c"x\82\81m t7\03\CB\F8k\81-;\C9\84", i8* getelementptr inbounds ([11 x i8], [11 x i8]* @"type_info::<core::bool>::name", i32 0, i32 0), [48 x i8] c"\01\00\00\00\01\00\00\00\00\00\00\00\00\00\00\00\00\00\00\00\00\00\00\00\00\00\00\00\00\00\00\00\00\00\00\00\00\00\00\00\00\00\00\00\00\00\00\00" }>
@"type_info::<core::i128>::name" = private unnamed_addr constant [11 x i8] c"core::i128\00"
@"type_info::<core::i128>" = private unnamed_addr constant <{ [16 x i8], i8*, [48 x i8] }> <{ [16 x i8] c"\BDkp\09RRM\EBc\02\A0\DB47\A7\E3", i8* getelementptr inbounds ([11 x i8], [11 x i8]* @"type_info::<core::i128>::name", i32 0, i32 0), [48 x i8] c"\80\00\00\00\08\00\00\00\00\00\00\00\00\00\00\00\00\00\00\00\00\00\00\00\00\00\00\00\00\00\00\00\00\00\00\00\00\00\00\00\00\00\00\00\00\00\00\00" }>
@global_type_table = constant [2 x %"mun_codegen::ir::types::TypeInfo"*] [%"mun_codegen::ir::types::TypeInfo"* @"type_info::<core::bool>", %"mun_codegen::ir::types::TypeInfo"* @"type_info::<core::i128>"]

