---
source: crates/mun_codegen/src/test.rs
assertion_line: 1045
expression: "\n    pub fn not(a: u16) -> u16 { !a }\n    pub fn bitand(a: u16, b: u16) -> u16 { a & b }\n    pub fn bitor(a: u16, b: u16) -> u16 { a | b }\n    pub fn bitxor(a: u16, b: u16) -> u16 { a ^ b }\n                        "

---
; == FILE IR (mod) =====================================
; ModuleID = 'mod'
source_filename = "mod"

%"mun_codegen::ir::types::TypeInfo" = type <{ [0 x i64], [16 x i8], [0 x i64], i8*, [0 x i64], i32, [0 x i64], i8, [3 x i8], %"mun_codegen::ir::types::TypeInfoData", [0 x i64] }>
%"mun_codegen::ir::types::TypeInfoData" = type <{ [0 x i8], i8, [39 x i8] }>

@global_type_table = external global [1 x %"mun_codegen::ir::types::TypeInfo"*]

define i16 @not(i16 %0) {
body:
  %not = xor i16 %0, -1
  ret i16 %not
}

define i16 @bitand(i16 %0, i16 %1) {
body:
  %bit_and = and i16 %0, %1
  ret i16 %bit_and
}

define i16 @bitor(i16 %0, i16 %1) {
body:
  %bit_or = or i16 %0, %1
  ret i16 %bit_or
}

define i16 @bitxor(i16 %0, i16 %1) {
body:
  %bit_xor = xor i16 %0, %1
  ret i16 %bit_xor
}

; == GROUP IR (mod) ====================================
; ModuleID = 'group_name'
source_filename = "group_name"

%"mun_codegen::ir::types::TypeInfo" = type <{ [0 x i64], [16 x i8], [0 x i64], i8*, [0 x i64], i32, [0 x i64], i8, [3 x i8], %"mun_codegen::ir::types::TypeInfoData", [0 x i64] }>
%"mun_codegen::ir::types::TypeInfoData" = type <{ [0 x i8], i8, [39 x i8] }>

@"type_info::<core::u16>::name" = private unnamed_addr constant [10 x i8] c"core::u16\00"
@"type_info::<core::u16>" = private unnamed_addr constant <{ [16 x i8], i8*, [48 x i8] }> <{ [16 x i8] c"0\01\BC\BBK\E0\F2\7F&l\01\CD|q\F2\B3", i8* getelementptr inbounds ([10 x i8], [10 x i8]* @"type_info::<core::u16>::name", i32 0, i32 0), [48 x i8] c"\10\00\00\00\02\00\00\00\00\00\00\00\00\00\00\00\00\00\00\00\00\00\00\00\00\00\00\00\00\00\00\00\00\00\00\00\00\00\00\00\00\00\00\00\00\00\00\00" }>
@global_type_table = constant [1 x %"mun_codegen::ir::types::TypeInfo"*] [%"mun_codegen::ir::types::TypeInfo"* @"type_info::<core::u16>"]

