---
source: crates/mun_codegen/src/test.rs
assertion_line: 1045
expression: "\n    // resources/script.mun\n    extern fn thing(n: i32);\n    extern fn print(n: i32) -> i32;\n\n    pub fn main() {\n        // 1st\n        print(1);\n        thing(5);\n\n        // 2nd\n        print(2);\n        thing(78);\n    }\n    "

---
; == FILE IR (mod) =====================================
; ModuleID = 'mod'
source_filename = "mod"

%DispatchTable = type { i32 (i32)*, void (i32)* }
%"mun_codegen::ir::types::TypeInfo" = type <{ [0 x i64], [16 x i8], [0 x i64], i8*, [0 x i64], i32, [0 x i64], i8, [3 x i8], %"mun_codegen::ir::types::TypeInfoData", [0 x i64] }>
%"mun_codegen::ir::types::TypeInfoData" = type <{ [0 x i8], i8, [39 x i8] }>

@dispatchTable = external global %DispatchTable
@global_type_table = external global [1 x %"mun_codegen::ir::types::TypeInfo"*]

define void @main() {
body:
  %print_ptr = load i32 (i32)*, i32 (i32)** getelementptr inbounds (%DispatchTable, %DispatchTable* @dispatchTable, i32 0, i32 0), align 8
  %print = call i32 %print_ptr(i32 1)
  %thing_ptr = load void (i32)*, void (i32)** getelementptr inbounds (%DispatchTable, %DispatchTable* @dispatchTable, i32 0, i32 1), align 8
  call void %thing_ptr(i32 5)
  %print_ptr1 = load i32 (i32)*, i32 (i32)** getelementptr inbounds (%DispatchTable, %DispatchTable* @dispatchTable, i32 0, i32 0), align 8
  %print2 = call i32 %print_ptr1(i32 2)
  %thing_ptr3 = load void (i32)*, void (i32)** getelementptr inbounds (%DispatchTable, %DispatchTable* @dispatchTable, i32 0, i32 1), align 8
  call void %thing_ptr3(i32 78)
  ret void
}

; == GROUP IR (mod) ====================================
; ModuleID = 'group_name'
source_filename = "group_name"

%DispatchTable = type { i32 (i32)*, void (i32)* }
%"mun_codegen::ir::types::TypeInfo" = type <{ [0 x i64], [16 x i8], [0 x i64], i8*, [0 x i64], i32, [0 x i64], i8, [3 x i8], %"mun_codegen::ir::types::TypeInfoData", [0 x i64] }>
%"mun_codegen::ir::types::TypeInfoData" = type <{ [0 x i8], i8, [39 x i8] }>

@dispatchTable = global %DispatchTable zeroinitializer
@"type_info::<core::i32>::name" = private unnamed_addr constant [10 x i8] c"core::i32\00"
@"type_info::<core::i32>" = private unnamed_addr constant <{ [16 x i8], i8*, [48 x i8] }> <{ [16 x i8] c"\17yzt\19\D62\17\D25\95C\17\88[\FA", i8* getelementptr inbounds ([10 x i8], [10 x i8]* @"type_info::<core::i32>::name", i32 0, i32 0), [48 x i8] c" \00\00\00\04\00\00\00\00\00\00\00\00\00\00\00\00\00\00\00\00\00\00\00\00\00\00\00\00\00\00\00\00\00\00\00\00\00\00\00\00\00\00\00\00\00\00\00" }>
@global_type_table = constant [1 x %"mun_codegen::ir::types::TypeInfo"*] [%"mun_codegen::ir::types::TypeInfo"* @"type_info::<core::i32>"]

