---
source: crates/mun_codegen/src/test.rs
expression: "\n    pub fn main(a:i32) -> i32 {\n      let b = a+1\n      b\n    }\n    "
---
; == FILE IR (mod) =====================================
; ModuleID = 'fileir:mod'
source_filename = "fileir:mod"

@global_type_lookup_table = external global [1 x i64*]

define i32 @main(i32 %0) {
body:
  %add = add i32 %0, 1
  ret i32 %add
}

; == GROUP IR (mod) ====================================
; ModuleID = 'filegroupir:mod'
source_filename = "filegroupir:mod"

@global_type_lookup_table = global [1 x i64*] zeroinitializer
